=== smoke: staging ===
checkpoint_url=https://staging-checkpoint.getaxonflow.com/v1/ping
log_group=/aws/lambda/staging-axonflow-checkpoint
instance_id=rt-staging-20260509T141202Z
t0_ms=1778335917000

--- cargo run ---
   Compiling axonflow-sdk-rust v0.2.0 (/Users/saurabhjain/Development/axonflow-sdk-rust)
   Compiling smoke-staging v0.0.0 (/private/var/folders/1j/k8zxr75912v4rkh3cwctxpph0000gn/T/tmp.T9cpYeizxJ)
    Finished `dev` profile [unoptimized + debuginfo] target(s) in 15.52s
     Running `target/debug/smoke-staging`
done

--- waiting 10s for CW delivery ---

--- CW filter: event_stored instance_id=rt-staging-20260509T141202Z ---

--- AUDIT ROW (matched 14:12:19 of this run) ---
2026/05/09 14:12:19 [audit] event_stored correlation_id=f317ef07-55b2-480f-b133-a1b09d000c06 api_gw_request_id=418a9074-ae4e-4c57-8349-3c2dce9959d2 instance_id=58f47528-eb1d-48ad-9828-adeb1d58f475 sdk=rust/0.2.0 source=external stream=sandbox ip_origin=Ziggo Consumers

--- 3-RULE DoD verdict: PASS ---
✓ sdk=rust/0.2.0  (PR #2012 ValidSDKs allowlist deployed)
✓ stream=sandbox  (PR #2005 stream allowlist deployed)
✓ event_stored    (DDB write confirmed via [audit] line)

Note: SDK populates `instance_id` with auto-generated UUID, not the `AxonFlowConfig::sandbox(client_id, ...)` string. Match is by timestamp + correlation_id.

Also seen on staging: `[handler] scarf_forward_error sdk=rust/0.2.0 err=...` — pre-existing staging Scarf forwarder misconfiguration; downstream-only, does not affect the audit row.
